// Jest Snapshot v1, https://goo.gl/fbAQLP

exports[`<App /> renders 1`] = `
<body>
  <div>
    <main
      class="sc-iBkjds klUzpK"
    >
      <section
        class="sc-hKMtZM dMoMas"
      >
        <h1
          class="sc-eCYdqJ tumFC"
        >
          Hello, I'm
           
          <span
            class="sc-gsnTZi iTabn"
            data-text="NICHOLAS O'DONNELL"
          >
            Nicholas O'Donnell
          </span>
        </h1>
        <h2
          class="sc-jSMfEi faRZsE"
        >
          I'm a full-stack senior software engineer
        </h2>
      </section>
      <section
        class="sc-dkzDqf kGYhMy"
      >
        <a
          class="sc-bczRLJ jKCSZy"
          href="https://github.com/nicholasodonnell"
          target="_blank"
        >
          Explore Work
        </a>
        <a
          class="sc-bczRLJ jKCSZy"
          href="https://www.linkedin.com/in/nicholas-odonnell"
          target="_blank"
        >
          View Profile
        </a>
      </section>
      <canvas />
    </main>
  </div>
</body>
`;
